// Jest Snapshot v1, https://goo.gl/fbAQLP

exports[`SignInAndSignUpPage should render the SignInAndSignUp component 1`] = `ShallowWrapper {}`;
