// Jest Snapshot v1, https://goo.gl/fbAQLP

exports[`CollectionPage renders the CollectionsPage component 1`] = `ShallowWrapper {}`;
